Building Windows application...                                 
flutter : Nuget.exe not found, trying to download or 
use cached version.
En línea: 1 Carácter: 1
+ flutter build windows --no-pub > build_output.txt 2>&1
+ ~~~~~~~~~~~~~~~~~~~~~~~~~~~~~~~~~~~~~~~~~~~~~~~~~~~~~~
    + CategoryInfo          : NotSpecified: (Nuget.exe  
   not f...cached version.:String) [], RemoteException
    + FullyQualifiedErrorId : NativeCommandError
 
C:\Users\mitot\iCloudDrive\Personal\App_Finanzas\windows
\flutter\generated_plugin_registrant.cc(25,3): error 
C3861: 'SpeechToTextWindowsRegisterWithRegistrar': no 
se encontr├│ el identificador [C:\Users\mitot\iCloudDriv
e\Personal\App_Finanzas\build\windows\x64\runner\app_fin
anzas.vcxproj]
Building Windows application...                                    89,4s
Build process failed.
